// Jest Snapshot v1, https://goo.gl/fbAQLP

exports[`log functions generatorBanner should output the correct string 1`] = `
Array [
  " 


     ██████╗ ███╗   ██╗███████╗     █████╗ ██████╗ ██████╗ 
    ██╔═══██╗████╗  ██║██╔════╝    ██╔══██╗██╔══██╗██╔══██╗
    ██║   ██║██╔██╗ ██║█████╗      ███████║██████╔╝██████╔╝
    ██║   ██║██║╚██╗██║██╔══╝      ██╔══██║██╔═══╝ ██╔═══╝ 
    ╚██████╔╝██║ ╚████║███████╗    ██║  ██║██║     ██║     
     ╚═════╝ ╚═╝  ╚═══╝╚══════╝    ╚═╝  ╚═╝╚═╝     ╚═╝     

                https://github.com/americanexpress/one-app

Welcome to One App Generator vpackageVersionMock
Application files will be generated in folder: <location>
________________________________________________________________________________

Documentation for One App is at https://github.com/americanexpress/one-app
________________________________________________________________________________",
]
`;

exports[`log functions stepBanner should output the correct string for all 5 steps 1`] = `
Array [
  Array [
    "
Step 1
Load the template
________________________________________________________________________________
",
  ],
  Array [
    "
Step 2
Gather parameters
________________________________________________________________________________
",
  ],
  Array [
    "
Step 3
Generate Module
________________________________________________________________________________
",
  ],
  Array [
    "
Step 4
Silently install, build and test the module, this may take a minute
________________________________________________________________________________
",
  ],
  Array [
    "
Step 5
Initialize git
________________________________________________________________________________
",
  ],
]
`;
