// Jest Snapshot v1, https://goo.gl/fbAQLP

exports[`createModule uses the default template 1`] = `undefined`;
